<?xml version="1.0" encoding="UTF-8"?>
<testsuites name="jest tests" tests="5" failures="0" time="10.593">
  <testsuite name="Account List Generation" errors="0" failures="0" skipped="0" timestamp="2020-04-06T20:53:50" time="10.317" tests="5">
    <testcase classname="Account List Generation should not return the businesses if not authenticated" name="Account List Generation should not return the businesses if not authenticated" time="0.168">
    </testcase>
    <testcase classname="Account List Generation should return a list of businesses from the database if authenticated" name="Account List Generation should return a list of businesses from the database if authenticated" time="0.796">
    </testcase>
    <testcase classname="Account List Generation should not return a particular business if not authenticated" name="Account List Generation should not return a particular business if not authenticated" time="0.177">
    </testcase>
    <testcase classname="Account List Generation should return a particular businesses from the database if authenticated" name="Account List Generation should return a particular businesses from the database if authenticated" time="0.698">
    </testcase>
    <testcase classname="Account List Generation should not return a non-existing business" name="Account List Generation should not return a non-existing business" time="0.641">
    </testcase>
  </testsuite>
</testsuites>